[student@workstation DO180-apps]$ lab container-review start

Setting up workstation for the Lab: Creating Containerized Services

 · Checking podman configuration...............................  SUCCESS
Exercise is already setup.
[student@workstation DO180-apps]$ podman run -d -p 8080:80 --name httpd-basic \
> ;
Error: image name or ID is required
[student@workstation DO180-apps]$ 
[student@workstation DO180-apps]$ 
[student@workstation DO180-apps]$ ;
bash: syntax error near unexpected token `;'
[student@workstation DO180-apps]$ 
[student@workstation DO180-apps]$ c;ear
bash: c: command not found...
bash: ear: command not found...
[student@workstation DO180-apps]$ clear






[student@workstation DO180-apps]$ lab container-review finish

Completing the Lab: Creating Containerized Services

 · Removing "httpd-basic" container............................  SUCCESS
 · Removing "redhattraining/httpd-parent:2.4" image............  SUCCESS
[student@workstation DO180-apps]$ lab container-review start

Setting up workstation for the Lab: Creating Containerized Services

 · Checking podman configuration...............................  SUCCESS
Exercise is already setup.
[student@workstation DO180-apps]$ sudo podman run -d -p 8080:80 --name httpd-basic \
> quay.io/redhattraining/httpd-parent:2.4 
Trying to pull quay.io/redhattraining/httpd-parent:2.4...
Getting image source signatures
Copying blob a3ed95caeb02 done
Copying blob 787f47dbeaac done
Copying blob a3ed95caeb02 done
Copying blob a3ed95caeb02 done
Copying blob 08b8c9fdec44 done
Copying blob 6a5240d60dc4 done
Copying blob a3ed95caeb02 skipped: already exists
Copying blob a3ed95caeb02 skipped: already exists
Copying blob a3ed95caeb02 skipped: already exists
Copying blob 408208567b9a done
Writing manifest to image destination
Storing signatures
d757c99632e2069f115226cf3f64b35372d61657473fc268587bda7a4b0f4305
[student@workstation DO180-apps]$ curl http://localhost:8080
Hello from the httpd-parent container!
[student@workstation DO180-apps]$ sudo podman ps
CONTAINER ID  IMAGE                                    COMMAND               CREATED         STATUS             PORTS                 NAMES
d757c99632e2  quay.io/redhattraining/httpd-parent:2.4  /bin/sh -c /usr/s...  50 seconds ago  Up 49 seconds ago  0.0.0.0:8080->80/tcp  httpd-basic
[student@workstation DO180-apps]$ sudo podman exec -it httpd-basic /bin/bash
bash-4.4# ls -la /var/www/html/
total 4
drwxr-xr-x. 2 root root 24 Jun 12  2019 .
drwxr-xr-x. 4 root root 33 Jun 12  2019 ..
-rw-r--r--. 1 root root 39 Jun 12  2019 index.html
bash-4.4# echo "Hello World" > /var/www/html/index.html 
bash-4.4# exit
exit
[student@workstation DO180-apps]$ curl http://localhost:8080
Hello World
[student@workstation DO180-apps]$ lab container-review grade

Grading the student's work for the Lab: Creating Containerized Services

 · The httpd container image was pulled........................  PASS
 · The container was started with the correct name.............  PASS
 · The container was started with the correct image............  PASS
 · Check the content of index.html.............................  PASS

[student@workstation DO180-apps]$ lab container-review finish

Completing the Lab: Creating Containerized Services

 · Removing "httpd-basic" container............................  SUCCESS
 · Removing "redhattraining/httpd-parent:2.4" image............  SUCCESS
[student@workstation DO180-apps]$ 
